DONE amazon 0 60.0
DONE amazon 1 110.5
DONE amazon 2 160.9
DONE amazon 3 211.4
DONE amazon 4 260.4
DONE amazon 5 308.5
DONE amazon 6 357.6
DONE amazon 7 409.3
DONE amazon 8 463.6
DONE amazon 9 514.7
DONE tfinance 0 595.9
DONE tfinance 1 675.6
DONE tfinance 2 751.5
DONE tfinance 3 829.5
DONE tfinance 4 907.5
DONE tfinance 5 984.3
DONE tfinance 6 1062.3
DONE tfinance 7 1140.1
DONE tfinance 8 1222.2
DONE tfinance 9 1302.5
DONE weibo_gadbench 0 1841.7
DONE weibo_gadbench 1 2389.8
DONE weibo_gadbench 2 2943.2
DONE weibo_gadbench 3 3471.9
DONE weibo_gadbench 4 4009.3
DONE weibo_gadbench 5 4522.2
DONE weibo_gadbench 6 5067.2
DONE weibo_gadbench 7 5591.3
DONE weibo_gadbench 8 7204.7
DONE weibo_gadbench 9 7662.4
5400 rows
